go : # Hospital-Referra
l-System/internal/pkg/a
uth
At line:1 char:1
+ go build ./... > 
build.log 2>&1
+ ~~~~~~~~~~~~~~~~~~~~~
~~~~~~~~~~
    + CategoryInfo     
         : NotSpecifi  
  ed: (# Hospital-Re   
 fe...ternal/pkg/au    
th:String) [], Rem    
oteException
    + FullyQualifiedEr 
   rorId : NativeComm  
  andError
 
internal\pkg\auth\permi
ssions.go:84:3: syntax 
error: unexpected 
newline in composite 
literal; possibly 
missing comma or }
internal\pkg\auth\permi
ssions.go:87:66: 
syntax error: 
unexpected ) after top 
level declaration
